  Tue Oct 28 2014 14:32                                                                                                Page 1

    "W65C816S Simulator Program V 1.00 for W65C816 - W65C816S_Demo.asm"
    

                                             ***************************************
                                             **      WDC 65C816 Macro Assembler   **
                                             **                                   **
                                             **     Version 3.49.1- Feb  6 2006    **
                                             ***************************************

     1                        ; File: W65C816S_Demo.asm
     2                        ; 08/08/2013
     3                        
     4                             PW 128         ;Page Width (# of char/line) 
     5                             PL 60          ;Page Length for HP Laser
     6                             INCLIST ON     ;Add Include files in Listing
     7                        
     8                        				;*********************************************
     9                        				;Test for Valid Processor defined in -D option
    10                        				;*********************************************
    11                        	IF	USING_816
    12                        	ELSE
    13                        		EXIT         "Not Valid Processor: Use -DUSING_02, etc. ! ! ! ! ! ! ! ! ! ! ! !"
    14                        	ENDIF
    15                        
    16                        
    17                        
    18                        
    19                        ;****************************************************************************
    20                        ;****************************************************************************
    21                        ; End of testing for proper Command line Options for Assembly of this program
    22                        ;****************************************************************************
    23                        ;****************************************************************************
    24                        
    25                        
    26                        			title  "W65C816S Simulator Program V 1.00 for W65C816 - W65C816S_Demo.asm"
    27                        			sttl
    28                        
    29                        
    30                        ; bgnpkhdr
    31                        ;***************************************************************************
    32                        ;  FILE_NAME: W65C816S_Demo.asm
    33                        ;
    34                        ;  DATA_RIGHTS: Western Design Center
    35                        ;               Copyright(C) 1980-2013
    36                        ;               All rights reserved. Reproduction in any manner, 
    37                        ;               in whole or in part, is strictly prohibited without
    38                        ;               the prior written approval of The Western Design Center, Inc (WDC).
    39                        ;
    40                        ;               Information contained in this publication regarding
    41                        ;               device applications and the like is intended through
    42                        ;               suggestion only and may be superseded by updates.  
    43                        ;               It is your responsibility to ensure that your application
    44                        ;               meets with your specifications.  No representation or
    45                        ;               warranty is given and no liability is assumed by 
    46                        ;               Western Design Center, Inc. with respect to the accuracy
    47                        ;               or use of such information, or infringement of patents
    48                        ;               or other intellectual property rights arising from such
    49                        ;               use or otherwise.  Use of WDC's products
  Tue Oct 28 2014 14:32                                                                                                Page 2

    "W65C816S Simulator Program V 1.00 for W65C816 - W65C816S_Demo.asm"
    

    50                        ;               as critical components in life support systems is not
    51                        ;               authorized except with express written approval by
    52                        ;               WDC.  No licenses are conveyed,implicitly or otherwise, 
    53                        ;								under any intellectual property rights.
    54                        ;
    55                        ;
    56                        ;
    57                        ;  TITLE: W65C816S_Demo
    58                        ;
    59                        ;  DESCRIPTION: This File describes the WDC Simulator Example Program.
    60                        ;
    61                        ;
    62                        ;
    63                        ;  DEFINED FUNCTIONS:
    64                        ;          badVec
    65                        ;                   - Process a Bad Interrupt Vector - Hang!
    66                        ;
    67                        ;  SPECIAL_CONSIDERATIONS:
    68                        ;
    69                        ;
    70                        ;  SHARED_DATA:
    71                        ;          None
    72                        ;
    73                        ;  GLOBAL_MODULES:
    74                        ;          None
    75                        ;
    76                        ;  LOCAL_MODULES:
    77                        ;          See above in "DEFINED FUNCTIONS"
    78                        ;
    79                        ;  AUTHOR: David Gray
    80                        ;
    81                        ;  CREATION DATE: August 8, 2013
    82                        ;
    83                        ;  REVISION HISTORY
    84                        ;     Name           Date         Description
    85                        ;     ------------   ----------   ------------------------------------------------
    86                        ;     David Gray		 08/08/2013   1.00 Initial
    87                        ;
    88                        ;
    89                        ; NOTE:
    90                        ;    Change the lines for each version - current version is 1.00b
    91                        ;    See - 
    92                        ;         title  "W65C816S_Demo Program V 1.0x for W65C816S - W65C816S_Demo.asm"
    93                        ;
    94                        ;
    95                        ;***************************************************************************
    96                        ;endpkhdr
    97                        
    98                        
    99                        ;***************************************************************************
   100                        ;                             Include Files
   101                        ;***************************************************************************
   102                        ;None
   103                        
   104                        
  Tue Oct 28 2014 14:32                                                                                                Page 3

    "W65C816S Simulator Program V 1.00 for W65C816 - W65C816S_Demo.asm"
    

   105                        ;***************************************************************************
   106                        ;                              Global Modules
   107                        ;***************************************************************************
   108                        ;None
   109                        
   110                        ;***************************************************************************
   111                        ;                              External Modules
   112                        ;***************************************************************************
   113                        ;None
   114                        
   115                        ;***************************************************************************
   116                        ;                              External Variables
   117                        ;***************************************************************************
   118                        ;None
   119                        
   120                        
   121                        ;***************************************************************************
   122                        ;                               Local Constants
   123                        ;***************************************************************************
   124                        ;
   125                        ;	VIA_BASE:	equ	$f0
   126             00007FC0   	VIA_BASE:	equ	$7FC0		;; base address of VIA port on SXB
   127             00007FC0   	VIA_ORB:	equ	VIA_BASE
   128             00007FC0   	VIA_IRB:	equ	VIA_BASE
   129             00007FC1   	VIA_ORA:	equ	VIA_BASE+1
   130             00007FC1   	VIA_IRA:	equ	VIA_BASE+1
   131             00007FC2   	VIA_DDRB:	equ	VIA_BASE+2
   132             00007FC3   	VIA_DDRA:	equ	VIA_BASE+3
   133             00007FC4   	VIA_T1CLO:	equ	VIA_BASE+4
   134             00007FC5   	VIA_T1CHI:	equ	VIA_BASE+5
   135             00007FC6   	VIA_T1LLO:	equ	VIA_BASE+6
   136             00007FC7   	VIA_T1LHI:	equ	VIA_BASE+7
   137             00007FC8   	VIA_T2CLO:	equ	VIA_BASE+8
   138             00007FC9   	VIA_T2CHI:	equ	VIA_BASE+9
   139             00007FCA   	VIA_SR:		equ	VIA_BASE+10
   140             00007FCB   	VIA_ACR:	equ	VIA_BASE+11
   141             00007FCC   	VIA_PCR:	equ	VIA_BASE+12
   142             00007FCD   	VIA_IFR:	equ	VIA_BASE+13
   143             00007FCE   	VIA_IER:	equ	VIA_BASE+14
   144             00007FCF   	VIA_ORANH:	equ	VIA_BASE+15
   145             00007FCF   	VIA_IRANH:	equ	VIA_BASE+15
   146                        
   147                        		CHIP	65C02
   148                        		LONGI	OFF
   149                        		LONGA	OFF
   150                        
   151                        	.sttl "W65C816S Demo Code"
   152                        	.page
   153                        ;***************************************************************************
  Tue Oct 28 2014 14:32                                                                                                Page 4

    "W65C816S Simulator Program V 1.00 for W65C816 - W65C816S_Demo.asm"
    "W65C816S Demo Code"

   154                        ;***************************************************************************
   155                        ;                    W65C816S_Demo Code Section
   156                        ;***************************************************************************
   157                        ;***************************************************************************
   158                        
   159                        ;Example of how the simulator has the 7 Segment hooked up
   160                        ;It uses PBx.  Each number is a bit of PBx
   161                        ;When the bit is LOW (0), the segment is turned ON.
   162                        ;PB7 is the decimal point.
   163                        ;
   164                        ;   +   0   +
   165                        ;   5       1
   166                        ;   +   6   +
   167                        ;   4       2
   168                        ;   +   3   +   7
   169                        ;
   170                        ;Example code to make a "6" on the LED with the W65C22S Port B 
   171                        ;This assumes Port B has already been made all outputs
   172                        ;		lda #$82			; 10000010  - All segments with a '0' light up
   173                        ;		sta VIA_ORB		; Display a '6'
   174                        
   175                        
   176                        		org	$2000
   177                        
   178                        	START:
   179 00:2000: 78           		sei
   180                        
   181 00:2001: D8           		cld
   182 00:2002: A2 FF        		ldx	#$ff
   183 00:2004: 9A           		txs
   184                        
   185                        
   186                        ; First, we initialize the VIA chip registers
   187 00:2005: A9 FF        		lda	#$ff		
   188 00:2007: 8D C0 7F     		sta	VIA_ORB   ; start by turning all segments off
   189 00:200A: 8D C2 7F     		sta	VIA_DDRB	; set all as outputs
   190                        
   191                        ; Now we 
   192                        	FirstChar:
   193 00:200D: A9 82        		lda #$82		
   194 00:200F: 8D C0 7F     		sta VIA_ORB		; Display a '6'
   195 00:2012: A9 92        		lda #$92		
   196 00:2014: 8D C0 7F     		sta VIA_ORB		; Display a '5'
   197 00:2017: A9 C6        		lda #$C6		
   198 00:2019: 8D C0 7F     		sta VIA_ORB		; Display a 'C'
   199 00:201C: A9 C0        		lda #$C0		
   200 00:201E: 8D C0 7F     		sta VIA_ORB		; Display a '0'
   201 00:2021: A9 A4        		lda #$A4		
   202 00:2023: 8D C0 7F     		sta VIA_ORB		; Display a '2'
   203 00:2026: A9 7F        		lda #$7F		
   204 00:2028: 8D C0 7F     		sta VIA_ORB		; Display a '.'
   205 00:202B: 80 E0        		bra FirstChar	; go back to the top and display again
   206                        		
   207                        
   208                        ;;-------------------------------------------------------------------------
  Tue Oct 28 2014 14:32                                                                                                Page 5

    "W65C816S Simulator Program V 1.00 for W65C816 - W65C816S_Demo.asm"
    "W65C816S Demo Code"

   209                        ;; FUNCTION NAME	: Event Hander re-vectors
   210                        ;;------------------:------------------------------------------------------
   211                        	IRQHandler:
   212 00:202D: 48           		pha
   213 00:202E: 68           		pla
   214 00:202F: 40           		rti
   215                        
   216                        badVec:		; $FFE0 - IRQRVD2(134)
   217 00:2030: 08           	php
   218 00:2031: 48           	pha
   219 00:2032: A9 FF        	lda #$FF
   220                        				;clear Irq
   221 00:2034: 68           	pla
   222 00:2035: 28           	plp
   223 00:2036: 40           	rti
   224                        		;;-----------------------------
   225                        		;;
   226                        		;;		Reset and Interrupt Vectors (define for 265, 816/02 are subsets)
   227                        		;;
   228                        		;;-----------------------------
   229                        
   230                        Shadow_VECTORS	SECTION OFFSET $7EE0
   231                        					;65C816 Interrupt Vectors
   232                        					;Status bit E = 0 (Native mode, 16 bit mode)
   233 00:7EE0: 30 20        		dw	badVec		; $FFE0 - IRQRVD4(816)
   234 00:7EE2: 30 20        		dw	badVec		; $FFE2 - IRQRVD5(816)
   235 00:7EE4: 30 20        		dw	badVec		; $FFE4 - COP(816)
   236 00:7EE6: 30 20        		dw	badVec		; $FFE6 - BRK(816)
   237 00:7EE8: 30 20        		dw	badVec		; $FFE8 - ABORT(816)
   238 00:7EEA: 30 20        		dw	badVec		; $FFEA - NMI(816)
   239 00:7EEC: 30 20        		dw	badVec		; $FFEC - IRQRVD(816)
   240 00:7EEE: 30 20        		dw	badVec		; $FFEE - IRQ(816)
   241                        					;Status bit E = 1 (Emulation mode, 8 bit mode)
   242 00:7EF0: 30 20        		dw	badVec		; $FFF0 - IRQRVD2(8 bit Emulation)(IRQRVD(265))
   243 00:7EF2: 30 20        		dw	badVec		; $FFF2 - IRQRVD1(8 bit Emulation)(IRQRVD(265))
   244 00:7EF4: 30 20        		dw	badVec		; $FFF4 - COP(8 bit Emulation)
   245 00:7EF6: 30 20        		dw	badVec		; $FFF6 - IRQRVD0(8 bit Emulation)(IRQRVD(265))
   246 00:7EF8: 30 20        		dw	badVec		; $FFF8 - ABORT(8 bit Emulation)
   247                        
   248                        					; Common 8 bit Vectors for all CPUs
   249 00:7EFA: 30 20        		dw	badVec		; $FFFA -  NMIRQ (ALL)
   250 00:7EFC: 00 20        		dw	START		; $FFFC -  RESET (ALL)
   251 00:7EFE: 2D 20        		dw	IRQHandler	; $FFFE -  IRQBRK (ALL)
   252                        		
   253 00:7F00:              	ends
   254                        	
   255                        vectors	SECTION OFFSET $FFE0
   256                        					;65C816 Interrupt Vectors
   257                        					;Status bit E = 0 (Native mode, 16 bit mode)
   258 00:FFE0: 30 20        		dw	badVec		; $FFE0 - IRQRVD4(816)
   259 00:FFE2: 30 20        		dw	badVec		; $FFE2 - IRQRVD5(816)
   260 00:FFE4: 30 20        		dw	badVec		; $FFE4 - COP(816)
   261 00:FFE6: 30 20        		dw	badVec		; $FFE6 - BRK(816)
   262 00:FFE8: 30 20        		dw	badVec		; $FFE8 - ABORT(816)
   263 00:FFEA: 30 20        		dw	badVec		; $FFEA - NMI(816)
  Tue Oct 28 2014 14:32                                                                                                Page 6

    "W65C816S Simulator Program V 1.00 for W65C816 - W65C816S_Demo.asm"
    "W65C816S Demo Code"

   264 00:FFEC: 30 20        		dw	badVec		; $FFEC - IRQRVD(816)
   265 00:FFEE: 30 20        		dw	badVec		; $FFEE - IRQ(816)
   266                        					;Status bit E = 1 (Emulation mode, 8 bit mode)
   267 00:FFF0: 30 20        		dw	badVec		; $FFF0 - IRQRVD2(8 bit Emulation)(IRQRVD(265))
   268 00:FFF2: 30 20        		dw	badVec		; $FFF2 - IRQRVD1(8 bit Emulation)(IRQRVD(265))
   269 00:FFF4: 30 20        		dw	badVec		; $FFF4 - COP(8 bit Emulation)
   270 00:FFF6: 30 20        		dw	badVec		; $FFF6 - IRQRVD0(8 bit Emulation)(IRQRVD(265))
   271 00:FFF8: 30 20        		dw	badVec		; $FFF8 - ABORT(8 bit Emulation)
   272                        
   273                        					; Common 8 bit Vectors for all CPUs
   274 00:FFFA: 30 20        		dw	badVec		; $FFFA -  NMIRQ (ALL)
   275 00:FFFC: 00 20        		dw	START		; $FFFC -  RESET (ALL)
   276 00:FFFE: 2D 20        		dw	IRQHandler	; $FFFE -  IRQBRK (ALL)
   277                        		
   278 01:0000:              		ends
   279                        	        end


      Lines assembled: 279
      Errors: 0
